[     179ms] [INFO] %cDownload the React DevTools for a better development experience: https://reactjs.org/link/react-devtools font-weight:bold @ http://localhost:5173/node_modules/.vite/deps/chunk-ICOORQWA.js?v=bdb123d5:21579
[     272ms] [WARNING] ⚠️ React Router Future Flag Warning: React Router will begin wrapping state updates in `React.startTransition` in v7. You can use the `v7_startTransition` future flag to opt-in early. For more information, see https://reactrouter.com/v6/upgrading/future#v7_starttransition. @ http://localhost:5173/node_modules/.vite/deps/react-router-dom.js?v=bdb123d5:4408
[     272ms] [WARNING] ⚠️ React Router Future Flag Warning: Relative route resolution within Splat routes is changing in v7. You can use the `v7_relativeSplatPath` future flag to opt-in early. For more information, see https://reactrouter.com/v6/upgrading/future#v7_relativesplatpath. @ http://localhost:5173/node_modules/.vite/deps/react-router-dom.js?v=bdb123d5:4408
[     584ms] [LOG] 16 custom indicators loaded. @ http://localhost:5173/charting_library/bundles/library.922da4a8fbaf39eb2333.js:844
[     593ms] [WARNING] 2026-07-25T13:15:39.156Z:Chart.Defaults:Path `mainSeriesProperties.candleStyle.borderVisible` does not exist. @ http://localhost:5173/charting_library/bundles/library.922da4a8fbaf39eb2333.js:155
[  861111ms] [LOG] [vite] server connection lost. polling for restart... @ http://localhost:5173/@vite/client:287
[  861408ms] [INFO] %cDownload the React DevTools for a better development experience: https://reactjs.org/link/react-devtools font-weight:bold @ http://localhost:5173/node_modules/.vite/deps/chunk-ICOORQWA.js?v=bdb123d5:21579
[  861478ms] [WARNING] ⚠️ React Router Future Flag Warning: React Router will begin wrapping state updates in `React.startTransition` in v7. You can use the `v7_startTransition` future flag to opt-in early. For more information, see https://reactrouter.com/v6/upgrading/future#v7_starttransition. @ http://localhost:5173/node_modules/.vite/deps/react-router-dom.js?v=bdb123d5:4408
[  861478ms] [WARNING] ⚠️ React Router Future Flag Warning: Relative route resolution within Splat routes is changing in v7. You can use the `v7_relativeSplatPath` future flag to opt-in early. For more information, see https://reactrouter.com/v6/upgrading/future#v7_relativesplatpath. @ http://localhost:5173/node_modules/.vite/deps/react-router-dom.js?v=bdb123d5:4408
[  861747ms] [LOG] 16 custom indicators loaded. @ http://localhost:5173/charting_library/bundles/library.922da4a8fbaf39eb2333.js:844
[  861769ms] [WARNING] 2026-07-25T13:30:00.333Z:Chart.Defaults:Path `mainSeriesProperties.candleStyle.borderVisible` does not exist. @ http://localhost:5173/charting_library/bundles/library.922da4a8fbaf39eb2333.js:155
[ 1444481ms] [LOG] [vite] server connection lost. polling for restart... @ http://localhost:5173/@vite/client:287
[ 1444661ms] [INFO] %cDownload the React DevTools for a better development experience: https://reactjs.org/link/react-devtools font-weight:bold @ http://localhost:5173/node_modules/.vite/deps/chunk-ICOORQWA.js?v=bdb123d5:21579
[ 1444711ms] [WARNING] ⚠️ React Router Future Flag Warning: React Router will begin wrapping state updates in `React.startTransition` in v7. You can use the `v7_startTransition` future flag to opt-in early. For more information, see https://reactrouter.com/v6/upgrading/future#v7_starttransition. @ http://localhost:5173/node_modules/.vite/deps/react-router-dom.js?v=bdb123d5:4408
[ 1444711ms] [WARNING] ⚠️ React Router Future Flag Warning: Relative route resolution within Splat routes is changing in v7. You can use the `v7_relativeSplatPath` future flag to opt-in early. For more information, see https://reactrouter.com/v6/upgrading/future#v7_relativesplatpath. @ http://localhost:5173/node_modules/.vite/deps/react-router-dom.js?v=bdb123d5:4408
[ 1444814ms] [LOG] 16 custom indicators loaded. @ http://localhost:5173/charting_library/bundles/library.922da4a8fbaf39eb2333.js:844
[ 1444818ms] [WARNING] 2026-07-25T13:39:43.382Z:Chart.Defaults:Path `mainSeriesProperties.candleStyle.borderVisible` does not exist. @ http://localhost:5173/charting_library/bundles/library.922da4a8fbaf39eb2333.js:155
[ 1951782ms] [LOG] [vite] server connection lost. polling for restart... @ http://localhost:5173/@vite/client:287
[ 1952011ms] [INFO] %cDownload the React DevTools for a better development experience: https://reactjs.org/link/react-devtools font-weight:bold @ http://localhost:5173/node_modules/.vite/deps/chunk-ICOORQWA.js?v=bdb123d5:21579
[ 1952065ms] [WARNING] ⚠️ React Router Future Flag Warning: React Router will begin wrapping state updates in `React.startTransition` in v7. You can use the `v7_startTransition` future flag to opt-in early. For more information, see https://reactrouter.com/v6/upgrading/future#v7_starttransition. @ http://localhost:5173/node_modules/.vite/deps/react-router-dom.js?v=bdb123d5:4408
[ 1952065ms] [WARNING] ⚠️ React Router Future Flag Warning: Relative route resolution within Splat routes is changing in v7. You can use the `v7_relativeSplatPath` future flag to opt-in early. For more information, see https://reactrouter.com/v6/upgrading/future#v7_relativesplatpath. @ http://localhost:5173/node_modules/.vite/deps/react-router-dom.js?v=bdb123d5:4408
[ 1952198ms] [LOG] 16 custom indicators loaded. @ http://localhost:5173/charting_library/bundles/library.922da4a8fbaf39eb2333.js:844
[ 1952203ms] [WARNING] 2026-07-25T13:48:10.768Z:Chart.Defaults:Path `mainSeriesProperties.candleStyle.borderVisible` does not exist. @ http://localhost:5173/charting_library/bundles/library.922da4a8fbaf39eb2333.js:155
[ 2475561ms] [LOG] [vite] server connection lost. polling for restart... @ http://localhost:5173/@vite/client:287
[ 2475809ms] [INFO] %cDownload the React DevTools for a better development experience: https://reactjs.org/link/react-devtools font-weight:bold @ http://localhost:5173/node_modules/.vite/deps/chunk-ICOORQWA.js?v=bdb123d5:21579
[ 2475860ms] [WARNING] ⚠️ React Router Future Flag Warning: React Router will begin wrapping state updates in `React.startTransition` in v7. You can use the `v7_startTransition` future flag to opt-in early. For more information, see https://reactrouter.com/v6/upgrading/future#v7_starttransition. @ http://localhost:5173/node_modules/.vite/deps/react-router-dom.js?v=bdb123d5:4408
[ 2475860ms] [WARNING] ⚠️ React Router Future Flag Warning: Relative route resolution within Splat routes is changing in v7. You can use the `v7_relativeSplatPath` future flag to opt-in early. For more information, see https://reactrouter.com/v6/upgrading/future#v7_relativesplatpath. @ http://localhost:5173/node_modules/.vite/deps/react-router-dom.js?v=bdb123d5:4408
[ 2475955ms] [LOG] 16 custom indicators loaded. @ http://localhost:5173/charting_library/bundles/library.922da4a8fbaf39eb2333.js:844
[ 2475960ms] [WARNING] 2026-07-25T13:56:54.524Z:Chart.Defaults:Path `mainSeriesProperties.candleStyle.borderVisible` does not exist. @ http://localhost:5173/charting_library/bundles/library.922da4a8fbaf39eb2333.js:155
[ 3314966ms] [LOG] [vite] server connection lost. polling for restart... @ http://localhost:5173/@vite/client:287
[ 3315206ms] [INFO] %cDownload the React DevTools for a better development experience: https://reactjs.org/link/react-devtools font-weight:bold @ http://localhost:5173/node_modules/.vite/deps/chunk-ICOORQWA.js?v=bdb123d5:21579
[ 3315257ms] [WARNING] ⚠️ React Router Future Flag Warning: React Router will begin wrapping state updates in `React.startTransition` in v7. You can use the `v7_startTransition` future flag to opt-in early. For more information, see https://reactrouter.com/v6/upgrading/future#v7_starttransition. @ http://localhost:5173/node_modules/.vite/deps/react-router-dom.js?v=bdb123d5:4408
[ 3315257ms] [WARNING] ⚠️ React Router Future Flag Warning: Relative route resolution within Splat routes is changing in v7. You can use the `v7_relativeSplatPath` future flag to opt-in early. For more information, see https://reactrouter.com/v6/upgrading/future#v7_relativesplatpath. @ http://localhost:5173/node_modules/.vite/deps/react-router-dom.js?v=bdb123d5:4408
[ 3315428ms] [LOG] 16 custom indicators loaded. @ http://localhost:5173/charting_library/bundles/library.922da4a8fbaf39eb2333.js:844
[ 3315432ms] [WARNING] 2026-07-25T14:10:53.996Z:Chart.Defaults:Path `mainSeriesProperties.candleStyle.borderVisible` does not exist. @ http://localhost:5173/charting_library/bundles/library.922da4a8fbaf39eb2333.js:155
[ 4828434ms] [LOG] [vite] server connection lost. polling for restart... @ http://localhost:5173/@vite/client:287
[ 4828614ms] [INFO] %cDownload the React DevTools for a better development experience: https://reactjs.org/link/react-devtools font-weight:bold @ http://localhost:5173/node_modules/.vite/deps/chunk-ICOORQWA.js?v=bdb123d5:21579
[ 4828667ms] [WARNING] ⚠️ React Router Future Flag Warning: React Router will begin wrapping state updates in `React.startTransition` in v7. You can use the `v7_startTransition` future flag to opt-in early. For more information, see https://reactrouter.com/v6/upgrading/future#v7_starttransition. @ http://localhost:5173/node_modules/.vite/deps/react-router-dom.js?v=bdb123d5:4408
[ 4828667ms] [WARNING] ⚠️ React Router Future Flag Warning: Relative route resolution within Splat routes is changing in v7. You can use the `v7_relativeSplatPath` future flag to opt-in early. For more information, see https://reactrouter.com/v6/upgrading/future#v7_relativesplatpath. @ http://localhost:5173/node_modules/.vite/deps/react-router-dom.js?v=bdb123d5:4408
[ 4828811ms] [LOG] 16 custom indicators loaded. @ http://localhost:5173/charting_library/bundles/library.922da4a8fbaf39eb2333.js:844
[ 4828815ms] [WARNING] 2026-07-25T14:36:07.379Z:Chart.Defaults:Path `mainSeriesProperties.candleStyle.borderVisible` does not exist. @ http://localhost:5173/charting_library/bundles/library.922da4a8fbaf39eb2333.js:155
[ 6105947ms] [LOG] [vite] server connection lost. polling for restart... @ http://localhost:5173/@vite/client:287
[ 6106542ms] [INFO] %cDownload the React DevTools for a better development experience: https://reactjs.org/link/react-devtools font-weight:bold @ http://localhost:5173/node_modules/.vite/deps/chunk-ICOORQWA.js?v=bdb123d5:21579
[ 6106620ms] [WARNING] ⚠️ React Router Future Flag Warning: React Router will begin wrapping state updates in `React.startTransition` in v7. You can use the `v7_startTransition` future flag to opt-in early. For more information, see https://reactrouter.com/v6/upgrading/future#v7_starttransition. @ http://localhost:5173/node_modules/.vite/deps/react-router-dom.js?v=bdb123d5:4408
[ 6106620ms] [WARNING] ⚠️ React Router Future Flag Warning: Relative route resolution within Splat routes is changing in v7. You can use the `v7_relativeSplatPath` future flag to opt-in early. For more information, see https://reactrouter.com/v6/upgrading/future#v7_relativesplatpath. @ http://localhost:5173/node_modules/.vite/deps/react-router-dom.js?v=bdb123d5:4408
[ 6106751ms] [LOG] 16 custom indicators loaded. @ http://localhost:5173/charting_library/bundles/library.922da4a8fbaf39eb2333.js:844
[ 6106758ms] [WARNING] 2026-07-25T14:57:25.322Z:Chart.Defaults:Path `mainSeriesProperties.candleStyle.borderVisible` does not exist. @ http://localhost:5173/charting_library/bundles/library.922da4a8fbaf39eb2333.js:155
[56668456ms] [LOG] [vite] server connection lost. polling for restart... @ http://localhost:5173/@vite/client:287
[56668971ms] [INFO] %cDownload the React DevTools for a better development experience: https://reactjs.org/link/react-devtools font-weight:bold @ http://localhost:5173/node_modules/.vite/deps/chunk-ICOORQWA.js?v=bdb123d5:21579
[56669048ms] [WARNING] ⚠️ React Router Future Flag Warning: React Router will begin wrapping state updates in `React.startTransition` in v7. You can use the `v7_startTransition` future flag to opt-in early. For more information, see https://reactrouter.com/v6/upgrading/future#v7_starttransition. @ http://localhost:5173/node_modules/.vite/deps/react-router-dom.js?v=bdb123d5:4408
[56669049ms] [WARNING] ⚠️ React Router Future Flag Warning: Relative route resolution within Splat routes is changing in v7. You can use the `v7_relativeSplatPath` future flag to opt-in early. For more information, see https://reactrouter.com/v6/upgrading/future#v7_relativesplatpath. @ http://localhost:5173/node_modules/.vite/deps/react-router-dom.js?v=bdb123d5:4408
[56669198ms] [LOG] 16 custom indicators loaded. @ http://localhost:5173/charting_library/bundles/library.922da4a8fbaf39eb2333.js:844
[56669204ms] [WARNING] 2026-07-26T05:00:07.769Z:Chart.Defaults:Path `mainSeriesProperties.candleStyle.borderVisible` does not exist. @ http://localhost:5173/charting_library/bundles/library.922da4a8fbaf39eb2333.js:155
[56669838ms] [ERROR] Access to fetch at 'http://localhost:8000/api/v1/timeseries/VNINDEX' from origin 'http://localhost:5173' has been blocked by CORS policy: No 'Access-Control-Allow-Origin' header is present on the requested resource. @ http://localhost:5173/chart:0
[56669838ms] [ERROR] Failed to load resource: net::ERR_FAILED @ http://localhost:8000/api/v1/timeseries/VNINDEX:0
[61260358ms] [WARNING] Unknown subscription symbol=VNINDEX, resolution=1D, key=1 @ http://localhost:5173/charting_library/bundles/library.922da4a8fbaf39eb2333.js:39
[61260360ms] [WARNING] Unknown subscription symbol=VNINDEX, resolution=1D, key=0 @ http://localhost:5173/charting_library/bundles/library.922da4a8fbaf39eb2333.js:39
[61260512ms] [LOG] 16 custom indicators loaded. @ http://localhost:5173/charting_library/bundles/library.922da4a8fbaf39eb2333.js:844
[61260521ms] [WARNING] 2026-07-26T06:16:39.085Z:Chart.Defaults:Path `mainSeriesProperties.candleStyle.borderVisible` does not exist. @ http://localhost:5173/charting_library/bundles/library.922da4a8fbaf39eb2333.js:155
[61323500ms] [WARNING] Unknown subscription symbol=VNINDEX, resolution=1D, key=1 @ http://localhost:5173/charting_library/bundles/library.922da4a8fbaf39eb2333.js:39
[61323500ms] [WARNING] Unknown subscription symbol=VNINDEX, resolution=1D, key=0 @ http://localhost:5173/charting_library/bundles/library.922da4a8fbaf39eb2333.js:39
[61323595ms] [LOG] 16 custom indicators loaded. @ http://localhost:5173/charting_library/bundles/library.922da4a8fbaf39eb2333.js:844
[61323600ms] [WARNING] 2026-07-26T06:17:42.164Z:Chart.Defaults:Path `mainSeriesProperties.candleStyle.borderVisible` does not exist. @ http://localhost:5173/charting_library/bundles/library.922da4a8fbaf39eb2333.js:155
[72516441ms] [LOG] [vite] server connection lost. polling for restart... @ http://localhost:5173/@vite/client:287
[72516895ms] [INFO] %cDownload the React DevTools for a better development experience: https://reactjs.org/link/react-devtools font-weight:bold @ http://localhost:5173/node_modules/.vite/deps/chunk-ICOORQWA.js?v=bdb123d5:21579
[72517062ms] [WARNING] ⚠️ React Router Future Flag Warning: React Router will begin wrapping state updates in `React.startTransition` in v7. You can use the `v7_startTransition` future flag to opt-in early. For more information, see https://reactrouter.com/v6/upgrading/future#v7_starttransition. @ http://localhost:5173/node_modules/.vite/deps/react-router-dom.js?v=bdb123d5:4408
[72517063ms] [WARNING] ⚠️ React Router Future Flag Warning: Relative route resolution within Splat routes is changing in v7. You can use the `v7_relativeSplatPath` future flag to opt-in early. For more information, see https://reactrouter.com/v6/upgrading/future#v7_relativesplatpath. @ http://localhost:5173/node_modules/.vite/deps/react-router-dom.js?v=bdb123d5:4408
[72517223ms] [LOG] 16 custom indicators loaded. @ http://localhost:5173/charting_library/bundles/library.922da4a8fbaf39eb2333.js:844
[72517239ms] [WARNING] 2026-07-26T09:24:15.803Z:Chart.Defaults:Path `mainSeriesProperties.candleStyle.borderVisible` does not exist. @ http://localhost:5173/charting_library/bundles/library.922da4a8fbaf39eb2333.js:155
[75006993ms] [LOG] [vite] server connection lost. polling for restart... @ http://localhost:5173/@vite/client:287
[75007193ms] [INFO] %cDownload the React DevTools for a better development experience: https://reactjs.org/link/react-devtools font-weight:bold @ http://localhost:5173/node_modules/.vite/deps/chunk-ICOORQWA.js?v=bdb123d5:21579
[75007271ms] [WARNING] ⚠️ React Router Future Flag Warning: React Router will begin wrapping state updates in `React.startTransition` in v7. You can use the `v7_startTransition` future flag to opt-in early. For more information, see https://reactrouter.com/v6/upgrading/future#v7_starttransition. @ http://localhost:5173/node_modules/.vite/deps/react-router-dom.js?v=bdb123d5:4408
[75007271ms] [WARNING] ⚠️ React Router Future Flag Warning: Relative route resolution within Splat routes is changing in v7. You can use the `v7_relativeSplatPath` future flag to opt-in early. For more information, see https://reactrouter.com/v6/upgrading/future#v7_relativesplatpath. @ http://localhost:5173/node_modules/.vite/deps/react-router-dom.js?v=bdb123d5:4408
[75007383ms] [LOG] 16 custom indicators loaded. @ http://localhost:5173/charting_library/bundles/library.922da4a8fbaf39eb2333.js:844
[75007390ms] [WARNING] 2026-07-26T10:05:45.954Z:Chart.Defaults:Path `mainSeriesProperties.candleStyle.borderVisible` does not exist. @ http://localhost:5173/charting_library/bundles/library.922da4a8fbaf39eb2333.js:155
[84110663ms] [LOG] 16 custom indicators loaded. @ http://localhost:5173/charting_library/bundles/library.922da4a8fbaf39eb2333.js:844
[84110671ms] [WARNING] 2026-07-26T12:37:29.235Z:Chart.Defaults:Path `mainSeriesProperties.candleStyle.borderVisible` does not exist. @ http://localhost:5173/charting_library/bundles/library.922da4a8fbaf39eb2333.js:155
[84118969ms] [LOG] 16 custom indicators loaded. @ http://localhost:5173/charting_library/bundles/library.922da4a8fbaf39eb2333.js:844
[84118974ms] [WARNING] 2026-07-26T12:37:37.538Z:Chart.Defaults:Path `mainSeriesProperties.candleStyle.borderVisible` does not exist. @ http://localhost:5173/charting_library/bundles/library.922da4a8fbaf39eb2333.js:155
[84123631ms] [LOG] 16 custom indicators loaded. @ http://localhost:5173/charting_library/bundles/library.922da4a8fbaf39eb2333.js:844
[84123635ms] [WARNING] 2026-07-26T12:37:42.199Z:Chart.Defaults:Path `mainSeriesProperties.candleStyle.borderVisible` does not exist. @ http://localhost:5173/charting_library/bundles/library.922da4a8fbaf39eb2333.js:155
[84183151ms] [LOG] 16 custom indicators loaded. @ http://localhost:5173/charting_library/bundles/library.922da4a8fbaf39eb2333.js:844
[84183156ms] [WARNING] 2026-07-26T12:38:41.720Z:Chart.Defaults:Path `mainSeriesProperties.candleStyle.borderVisible` does not exist. @ http://localhost:5173/charting_library/bundles/library.922da4a8fbaf39eb2333.js:155
[84249972ms] [LOG] 16 custom indicators loaded. @ http://localhost:5173/charting_library/bundles/library.922da4a8fbaf39eb2333.js:844
[84249976ms] [WARNING] 2026-07-26T12:39:48.540Z:Chart.Defaults:Path `mainSeriesProperties.candleStyle.borderVisible` does not exist. @ http://localhost:5173/charting_library/bundles/library.922da4a8fbaf39eb2333.js:155
[84471284ms] [LOG] [vite] server connection lost. polling for restart... @ http://localhost:5173/@vite/client:287
[84471556ms] [INFO] %cDownload the React DevTools for a better development experience: https://reactjs.org/link/react-devtools font-weight:bold @ http://localhost:5173/node_modules/.vite/deps/chunk-ICOORQWA.js?v=bdb123d5:21579
[84471622ms] [WARNING] ⚠️ React Router Future Flag Warning: React Router will begin wrapping state updates in `React.startTransition` in v7. You can use the `v7_startTransition` future flag to opt-in early. For more information, see https://reactrouter.com/v6/upgrading/future#v7_starttransition. @ http://localhost:5173/node_modules/.vite/deps/react-router-dom.js?v=bdb123d5:4408
[84471622ms] [WARNING] ⚠️ React Router Future Flag Warning: Relative route resolution within Splat routes is changing in v7. You can use the `v7_relativeSplatPath` future flag to opt-in early. For more information, see https://reactrouter.com/v6/upgrading/future#v7_relativesplatpath. @ http://localhost:5173/node_modules/.vite/deps/react-router-dom.js?v=bdb123d5:4408
[84471787ms] [LOG] 16 custom indicators loaded. @ http://localhost:5173/charting_library/bundles/library.922da4a8fbaf39eb2333.js:844
[84471791ms] [WARNING] 2026-07-26T12:43:30.355Z:Chart.Defaults:Path `mainSeriesProperties.candleStyle.borderVisible` does not exist. @ http://localhost:5173/charting_library/bundles/library.922da4a8fbaf39eb2333.js:155
[114891279ms] [LOG] [vite] server connection lost. polling for restart... @ http://localhost:5173/@vite/client:287
[114891595ms] [INFO] %cDownload the React DevTools for a better development experience: https://reactjs.org/link/react-devtools font-weight:bold @ http://localhost:5173/node_modules/.vite/deps/chunk-ICOORQWA.js?v=bdb123d5:21579
[114891688ms] [WARNING] ⚠️ React Router Future Flag Warning: React Router will begin wrapping state updates in `React.startTransition` in v7. You can use the `v7_startTransition` future flag to opt-in early. For more information, see https://reactrouter.com/v6/upgrading/future#v7_starttransition. @ http://localhost:5173/node_modules/.vite/deps/react-router-dom.js?v=bdb123d5:4408
[114891688ms] [WARNING] ⚠️ React Router Future Flag Warning: Relative route resolution within Splat routes is changing in v7. You can use the `v7_relativeSplatPath` future flag to opt-in early. For more information, see https://reactrouter.com/v6/upgrading/future#v7_relativesplatpath. @ http://localhost:5173/node_modules/.vite/deps/react-router-dom.js?v=bdb123d5:4408
[114891808ms] [LOG] 16 custom indicators loaded. @ http://localhost:5173/charting_library/bundles/library.922da4a8fbaf39eb2333.js:844
[114891816ms] [WARNING] 2026-07-26T21:10:30.380Z:Chart.Defaults:Path `mainSeriesProperties.candleStyle.borderVisible` does not exist. @ http://localhost:5173/charting_library/bundles/library.922da4a8fbaf39eb2333.js:155
[114892303ms] [ERROR] Access to fetch at 'http://localhost:8000/api/v1/timeseries/VNINDEX' from origin 'http://localhost:5173' has been blocked by CORS policy: No 'Access-Control-Allow-Origin' header is present on the requested resource. @ http://localhost:5173/chart:0
[114892303ms] [ERROR] Failed to load resource: net::ERR_FAILED @ http://localhost:8000/api/v1/timeseries/VNINDEX:0
[135337524ms] [LOG] [vite] server connection lost. polling for restart... @ http://localhost:5173/@vite/client:287
[135337779ms] [INFO] %cDownload the React DevTools for a better development experience: https://reactjs.org/link/react-devtools font-weight:bold @ http://localhost:5173/node_modules/.vite/deps/chunk-ICOORQWA.js?v=bdb123d5:21579
[135337853ms] [WARNING] ⚠️ React Router Future Flag Warning: React Router will begin wrapping state updates in `React.startTransition` in v7. You can use the `v7_startTransition` future flag to opt-in early. For more information, see https://reactrouter.com/v6/upgrading/future#v7_starttransition. @ http://localhost:5173/node_modules/.vite/deps/react-router-dom.js?v=bdb123d5:4408
[135337853ms] [WARNING] ⚠️ React Router Future Flag Warning: Relative route resolution within Splat routes is changing in v7. You can use the `v7_relativeSplatPath` future flag to opt-in early. For more information, see https://reactrouter.com/v6/upgrading/future#v7_relativesplatpath. @ http://localhost:5173/node_modules/.vite/deps/react-router-dom.js?v=bdb123d5:4408
[135337963ms] [LOG] 16 custom indicators loaded. @ http://localhost:5173/charting_library/bundles/library.922da4a8fbaf39eb2333.js:844
[135337970ms] [WARNING] 2026-07-27T02:51:16.535Z:Chart.Defaults:Path `mainSeriesProperties.candleStyle.borderVisible` does not exist. @ http://localhost:5173/charting_library/bundles/library.922da4a8fbaf39eb2333.js:155
[146899960ms] [LOG] [vite] server connection lost. polling for restart... @ http://localhost:5173/@vite/client:287
[146900594ms] [INFO] %cDownload the React DevTools for a better development experience: https://reactjs.org/link/react-devtools font-weight:bold @ http://localhost:5173/node_modules/.vite/deps/chunk-ICOORQWA.js?v=bdb123d5:21579
[146900860ms] [WARNING] ⚠️ React Router Future Flag Warning: React Router will begin wrapping state updates in `React.startTransition` in v7. You can use the `v7_startTransition` future flag to opt-in early. For more information, see https://reactrouter.com/v6/upgrading/future#v7_starttransition. @ http://localhost:5173/node_modules/.vite/deps/react-router-dom.js?v=bdb123d5:4408
[146900861ms] [WARNING] ⚠️ React Router Future Flag Warning: Relative route resolution within Splat routes is changing in v7. You can use the `v7_relativeSplatPath` future flag to opt-in early. For more information, see https://reactrouter.com/v6/upgrading/future#v7_relativesplatpath. @ http://localhost:5173/node_modules/.vite/deps/react-router-dom.js?v=bdb123d5:4408
[146901137ms] [LOG] 16 custom indicators loaded. @ http://localhost:5173/charting_library/bundles/library.922da4a8fbaf39eb2333.js:844
[146901151ms] [WARNING] 2026-07-27T06:03:59.716Z:Chart.Defaults:Path `mainSeriesProperties.candleStyle.borderVisible` does not exist. @ http://localhost:5173/charting_library/bundles/library.922da4a8fbaf39eb2333.js:155
[156125687ms] [LOG] [vite] server connection lost. polling for restart... @ http://localhost:5173/@vite/client:287
[156126209ms] [INFO] %cDownload the React DevTools for a better development experience: https://reactjs.org/link/react-devtools font-weight:bold @ http://localhost:5173/node_modules/.vite/deps/chunk-ICOORQWA.js?v=bdb123d5:21579
[156126292ms] [WARNING] ⚠️ React Router Future Flag Warning: React Router will begin wrapping state updates in `React.startTransition` in v7. You can use the `v7_startTransition` future flag to opt-in early. For more information, see https://reactrouter.com/v6/upgrading/future#v7_starttransition. @ http://localhost:5173/node_modules/.vite/deps/react-router-dom.js?v=bdb123d5:4408
[156126292ms] [WARNING] ⚠️ React Router Future Flag Warning: Relative route resolution within Splat routes is changing in v7. You can use the `v7_relativeSplatPath` future flag to opt-in early. For more information, see https://reactrouter.com/v6/upgrading/future#v7_relativesplatpath. @ http://localhost:5173/node_modules/.vite/deps/react-router-dom.js?v=bdb123d5:4408
[156126453ms] [LOG] 16 custom indicators loaded. @ http://localhost:5173/charting_library/bundles/library.922da4a8fbaf39eb2333.js:844
[156126466ms] [WARNING] 2026-07-27T08:37:45.030Z:Chart.Defaults:Path `mainSeriesProperties.candleStyle.borderVisible` does not exist. @ http://localhost:5173/charting_library/bundles/library.922da4a8fbaf39eb2333.js:155
[160568372ms] [LOG] [vite] server connection lost. polling for restart... @ http://localhost:5173/@vite/client:287
[160568901ms] [INFO] %cDownload the React DevTools for a better development experience: https://reactjs.org/link/react-devtools font-weight:bold @ http://localhost:5173/node_modules/.vite/deps/chunk-ICOORQWA.js?v=bdb123d5:21579
[160568986ms] [WARNING] ⚠️ React Router Future Flag Warning: React Router will begin wrapping state updates in `React.startTransition` in v7. You can use the `v7_startTransition` future flag to opt-in early. For more information, see https://reactrouter.com/v6/upgrading/future#v7_starttransition. @ http://localhost:5173/node_modules/.vite/deps/react-router-dom.js?v=bdb123d5:4408
[160568986ms] [WARNING] ⚠️ React Router Future Flag Warning: Relative route resolution within Splat routes is changing in v7. You can use the `v7_relativeSplatPath` future flag to opt-in early. For more information, see https://reactrouter.com/v6/upgrading/future#v7_relativesplatpath. @ http://localhost:5173/node_modules/.vite/deps/react-router-dom.js?v=bdb123d5:4408
[160569199ms] [LOG] 16 custom indicators loaded. @ http://localhost:5173/charting_library/bundles/library.922da4a8fbaf39eb2333.js:844
[160569206ms] [WARNING] 2026-07-27T09:51:47.770Z:Chart.Defaults:Path `mainSeriesProperties.candleStyle.borderVisible` does not exist. @ http://localhost:5173/charting_library/bundles/library.922da4a8fbaf39eb2333.js:155
[161518628ms] [ERROR] Access to fetch at 'http://localhost:8000/api/v1/report/list?symbol=VNINDEX' from origin 'http://localhost:5173' has been blocked by CORS policy: No 'Access-Control-Allow-Origin' header is present on the requested resource. @ http://localhost:5173/chart:0
[161518628ms] [ERROR] Failed to load resource: net::ERR_FAILED @ http://localhost:8000/api/v1/report/list?symbol=VNINDEX:0
[164793537ms] [LOG] [vite] server connection lost. polling for restart... @ http://localhost:5173/@vite/client:287
[164794156ms] [INFO] %cDownload the React DevTools for a better development experience: https://reactjs.org/link/react-devtools font-weight:bold @ http://localhost:5173/node_modules/.vite/deps/chunk-ICOORQWA.js?v=bdb123d5:21579
[164794218ms] [WARNING] ⚠️ React Router Future Flag Warning: React Router will begin wrapping state updates in `React.startTransition` in v7. You can use the `v7_startTransition` future flag to opt-in early. For more information, see https://reactrouter.com/v6/upgrading/future#v7_starttransition. @ http://localhost:5173/node_modules/.vite/deps/react-router-dom.js?v=bdb123d5:4408
[164794218ms] [WARNING] ⚠️ React Router Future Flag Warning: Relative route resolution within Splat routes is changing in v7. You can use the `v7_relativeSplatPath` future flag to opt-in early. For more information, see https://reactrouter.com/v6/upgrading/future#v7_relativesplatpath. @ http://localhost:5173/node_modules/.vite/deps/react-router-dom.js?v=bdb123d5:4408
[164794400ms] [LOG] 16 custom indicators loaded. @ http://localhost:5173/charting_library/bundles/library.922da4a8fbaf39eb2333.js:844
[164794405ms] [WARNING] 2026-07-27T11:02:12.969Z:Chart.Defaults:Path `mainSeriesProperties.candleStyle.borderVisible` does not exist. @ http://localhost:5173/charting_library/bundles/library.922da4a8fbaf39eb2333.js:155
[175438838ms] [LOG] [vite] server connection lost. polling for restart... @ http://localhost:5173/@vite/client:287
[175439166ms] [INFO] %cDownload the React DevTools for a better development experience: https://reactjs.org/link/react-devtools font-weight:bold @ http://localhost:5173/node_modules/.vite/deps/chunk-ICOORQWA.js?v=bdb123d5:21579
[175439245ms] [WARNING] ⚠️ React Router Future Flag Warning: React Router will begin wrapping state updates in `React.startTransition` in v7. You can use the `v7_startTransition` future flag to opt-in early. For more information, see https://reactrouter.com/v6/upgrading/future#v7_starttransition. @ http://localhost:5173/node_modules/.vite/deps/react-router-dom.js?v=bdb123d5:4408
[175439245ms] [WARNING] ⚠️ React Router Future Flag Warning: Relative route resolution within Splat routes is changing in v7. You can use the `v7_relativeSplatPath` future flag to opt-in early. For more information, see https://reactrouter.com/v6/upgrading/future#v7_relativesplatpath. @ http://localhost:5173/node_modules/.vite/deps/react-router-dom.js?v=bdb123d5:4408
[175439450ms] [LOG] 16 custom indicators loaded. @ http://localhost:5173/charting_library/bundles/library.922da4a8fbaf39eb2333.js:844
[175439457ms] [WARNING] 2026-07-27T13:59:38.021Z:Chart.Defaults:Path `mainSeriesProperties.candleStyle.borderVisible` does not exist. @ http://localhost:5173/charting_library/bundles/library.922da4a8fbaf39eb2333.js:155
[177468037ms] [LOG] [vite] server connection lost. polling for restart... @ http://localhost:5173/@vite/client:287
[177468452ms] [INFO] %cDownload the React DevTools for a better development experience: https://reactjs.org/link/react-devtools font-weight:bold @ http://localhost:5173/node_modules/.vite/deps/chunk-ICOORQWA.js?v=bdb123d5:21579
[177468510ms] [WARNING] ⚠️ React Router Future Flag Warning: React Router will begin wrapping state updates in `React.startTransition` in v7. You can use the `v7_startTransition` future flag to opt-in early. For more information, see https://reactrouter.com/v6/upgrading/future#v7_starttransition. @ http://localhost:5173/node_modules/.vite/deps/react-router-dom.js?v=bdb123d5:4408
[177468510ms] [WARNING] ⚠️ React Router Future Flag Warning: Relative route resolution within Splat routes is changing in v7. You can use the `v7_relativeSplatPath` future flag to opt-in early. For more information, see https://reactrouter.com/v6/upgrading/future#v7_relativesplatpath. @ http://localhost:5173/node_modules/.vite/deps/react-router-dom.js?v=bdb123d5:4408
[177468661ms] [LOG] 16 custom indicators loaded. @ http://localhost:5173/charting_library/bundles/library.922da4a8fbaf39eb2333.js:844
[177468667ms] [WARNING] 2026-07-27T14:33:27.231Z:Chart.Defaults:Path `mainSeriesProperties.candleStyle.borderVisible` does not exist. @ http://localhost:5173/charting_library/bundles/library.922da4a8fbaf39eb2333.js:155
[178916857ms] [LOG] [vite] server connection lost. polling for restart... @ http://localhost:5173/@vite/client:287
[178917304ms] [INFO] %cDownload the React DevTools for a better development experience: https://reactjs.org/link/react-devtools font-weight:bold @ http://localhost:5173/node_modules/.vite/deps/chunk-ICOORQWA.js?v=bdb123d5:21579
[178917384ms] [WARNING] ⚠️ React Router Future Flag Warning: React Router will begin wrapping state updates in `React.startTransition` in v7. You can use the `v7_startTransition` future flag to opt-in early. For more information, see https://reactrouter.com/v6/upgrading/future#v7_starttransition. @ http://localhost:5173/node_modules/.vite/deps/react-router-dom.js?v=bdb123d5:4408
[178917384ms] [WARNING] ⚠️ React Router Future Flag Warning: Relative route resolution within Splat routes is changing in v7. You can use the `v7_relativeSplatPath` future flag to opt-in early. For more information, see https://reactrouter.com/v6/upgrading/future#v7_relativesplatpath. @ http://localhost:5173/node_modules/.vite/deps/react-router-dom.js?v=bdb123d5:4408
[178917552ms] [LOG] 16 custom indicators loaded. @ http://localhost:5173/charting_library/bundles/library.922da4a8fbaf39eb2333.js:844
[178917559ms] [WARNING] 2026-07-27T14:57:36.123Z:Chart.Defaults:Path `mainSeriesProperties.candleStyle.borderVisible` does not exist. @ http://localhost:5173/charting_library/bundles/library.922da4a8fbaf39eb2333.js:155
[229123857ms] [LOG] [vite] server connection lost. polling for restart... @ http://localhost:5173/@vite/client:287
[229124452ms] [INFO] %cDownload the React DevTools for a better development experience: https://reactjs.org/link/react-devtools font-weight:bold @ http://localhost:5173/node_modules/.vite/deps/chunk-ICOORQWA.js?v=bdb123d5:21579
[229124592ms] [WARNING] ⚠️ React Router Future Flag Warning: React Router will begin wrapping state updates in `React.startTransition` in v7. You can use the `v7_startTransition` future flag to opt-in early. For more information, see https://reactrouter.com/v6/upgrading/future#v7_starttransition. @ http://localhost:5173/node_modules/.vite/deps/react-router-dom.js?v=bdb123d5:4408
[229124593ms] [WARNING] ⚠️ React Router Future Flag Warning: Relative route resolution within Splat routes is changing in v7. You can use the `v7_relativeSplatPath` future flag to opt-in early. For more information, see https://reactrouter.com/v6/upgrading/future#v7_relativesplatpath. @ http://localhost:5173/node_modules/.vite/deps/react-router-dom.js?v=bdb123d5:4408
[229124824ms] [LOG] 16 custom indicators loaded. @ http://localhost:5173/charting_library/bundles/library.922da4a8fbaf39eb2333.js:844
[229124832ms] [WARNING] 2026-07-28T04:54:23.396Z:Chart.Defaults:Path `mainSeriesProperties.candleStyle.borderVisible` does not exist. @ http://localhost:5173/charting_library/bundles/library.922da4a8fbaf39eb2333.js:155
[230807825ms] [ERROR] Access to fetch at 'http://localhost:8000/api/v1/report/list?symbol=VNINDEX' from origin 'http://localhost:5173' has been blocked by CORS policy: No 'Access-Control-Allow-Origin' header is present on the requested resource. @ http://localhost:5173/chart:0
[230807826ms] [ERROR] Failed to load resource: net::ERR_FAILED @ http://localhost:8000/api/v1/report/list?symbol=VNINDEX:0
[238615999ms] [LOG] [vite] server connection lost. polling for restart... @ http://localhost:5173/@vite/client:287
[238616811ms] [INFO] %cDownload the React DevTools for a better development experience: https://reactjs.org/link/react-devtools font-weight:bold @ http://localhost:5173/node_modules/.vite/deps/chunk-ICOORQWA.js?v=bdb123d5:21579
[238617037ms] [WARNING] ⚠️ React Router Future Flag Warning: React Router will begin wrapping state updates in `React.startTransition` in v7. You can use the `v7_startTransition` future flag to opt-in early. For more information, see https://reactrouter.com/v6/upgrading/future#v7_starttransition. @ http://localhost:5173/node_modules/.vite/deps/react-router-dom.js?v=bdb123d5:4408
[238617057ms] [WARNING] ⚠️ React Router Future Flag Warning: Relative route resolution within Splat routes is changing in v7. You can use the `v7_relativeSplatPath` future flag to opt-in early. For more information, see https://reactrouter.com/v6/upgrading/future#v7_relativesplatpath. @ http://localhost:5173/node_modules/.vite/deps/react-router-dom.js?v=bdb123d5:4408
[238617319ms] [LOG] 16 custom indicators loaded. @ http://localhost:5173/charting_library/bundles/library.922da4a8fbaf39eb2333.js:844
[238617328ms] [WARNING] 2026-07-28T07:32:35.892Z:Chart.Defaults:Path `mainSeriesProperties.candleStyle.borderVisible` does not exist. @ http://localhost:5173/charting_library/bundles/library.922da4a8fbaf39eb2333.js:155
[241735521ms] [LOG] [vite] server connection lost. polling for restart... @ http://localhost:5173/@vite/client:287
[241736008ms] [INFO] %cDownload the React DevTools for a better development experience: https://reactjs.org/link/react-devtools font-weight:bold @ http://localhost:5173/node_modules/.vite/deps/chunk-ICOORQWA.js?v=bdb123d5:21579
[241736091ms] [WARNING] ⚠️ React Router Future Flag Warning: React Router will begin wrapping state updates in `React.startTransition` in v7. You can use the `v7_startTransition` future flag to opt-in early. For more information, see https://reactrouter.com/v6/upgrading/future#v7_starttransition. @ http://localhost:5173/node_modules/.vite/deps/react-router-dom.js?v=bdb123d5:4408
[241736091ms] [WARNING] ⚠️ React Router Future Flag Warning: Relative route resolution within Splat routes is changing in v7. You can use the `v7_relativeSplatPath` future flag to opt-in early. For more information, see https://reactrouter.com/v6/upgrading/future#v7_relativesplatpath. @ http://localhost:5173/node_modules/.vite/deps/react-router-dom.js?v=bdb123d5:4408
[241736248ms] [LOG] 16 custom indicators loaded. @ http://localhost:5173/charting_library/bundles/library.922da4a8fbaf39eb2333.js:844
[241736259ms] [WARNING] 2026-07-28T08:24:34.823Z:Chart.Defaults:Path `mainSeriesProperties.candleStyle.borderVisible` does not exist. @ http://localhost:5173/charting_library/bundles/library.922da4a8fbaf39eb2333.js:155
[244587837ms] [LOG] [vite] server connection lost. polling for restart... @ http://localhost:5173/@vite/client:287
[244588320ms] [INFO] %cDownload the React DevTools for a better development experience: https://reactjs.org/link/react-devtools font-weight:bold @ http://localhost:5173/node_modules/.vite/deps/chunk-ICOORQWA.js?v=bdb123d5:21579
[244588417ms] [WARNING] ⚠️ React Router Future Flag Warning: React Router will begin wrapping state updates in `React.startTransition` in v7. You can use the `v7_startTransition` future flag to opt-in early. For more information, see https://reactrouter.com/v6/upgrading/future#v7_starttransition. @ http://localhost:5173/node_modules/.vite/deps/react-router-dom.js?v=bdb123d5:4408
[244588417ms] [WARNING] ⚠️ React Router Future Flag Warning: Relative route resolution within Splat routes is changing in v7. You can use the `v7_relativeSplatPath` future flag to opt-in early. For more information, see https://reactrouter.com/v6/upgrading/future#v7_relativesplatpath. @ http://localhost:5173/node_modules/.vite/deps/react-router-dom.js?v=bdb123d5:4408
[244588640ms] [LOG] 16 custom indicators loaded. @ http://localhost:5173/charting_library/bundles/library.922da4a8fbaf39eb2333.js:844
[244588648ms] [WARNING] 2026-07-28T09:12:07.212Z:Chart.Defaults:Path `mainSeriesProperties.candleStyle.borderVisible` does not exist. @ http://localhost:5173/charting_library/bundles/library.922da4a8fbaf39eb2333.js:155
