[     136ms] [INFO] %cDownload the React DevTools for a better development experience: https://reactjs.org/link/react-devtools font-weight:bold @ http://localhost:5173/node_modules/.vite/deps/chunk-ICOORQWA.js?v=bdb123d5:21579
[     234ms] [WARNING] ⚠️ React Router Future Flag Warning: React Router will begin wrapping state updates in `React.startTransition` in v7. You can use the `v7_startTransition` future flag to opt-in early. For more information, see https://reactrouter.com/v6/upgrading/future#v7_starttransition. @ http://localhost:5173/node_modules/.vite/deps/react-router-dom.js?v=bdb123d5:4408
[     234ms] [WARNING] ⚠️ React Router Future Flag Warning: Relative route resolution within Splat routes is changing in v7. You can use the `v7_relativeSplatPath` future flag to opt-in early. For more information, see https://reactrouter.com/v6/upgrading/future#v7_relativesplatpath. @ http://localhost:5173/node_modules/.vite/deps/react-router-dom.js?v=bdb123d5:4408
[     366ms] [LOG] 16 custom indicators loaded. @ http://localhost:5173/charting_library/bundles/library.922da4a8fbaf39eb2333.js:844
[     370ms] [WARNING] 2026-07-31T04:15:52.798Z:Chart.Defaults:Path `mainSeriesProperties.candleStyle.borderVisible` does not exist. @ http://localhost:5173/charting_library/bundles/library.922da4a8fbaf39eb2333.js:155
[   54172ms] [LOG] 16 custom indicators loaded. @ http://localhost:5173/charting_library/bundles/library.922da4a8fbaf39eb2333.js:844
[   54177ms] [WARNING] 2026-07-31T04:16:46.605Z:Chart.Defaults:Path `mainSeriesProperties.candleStyle.borderVisible` does not exist. @ http://localhost:5173/charting_library/bundles/library.922da4a8fbaf39eb2333.js:155
[  547716ms] [LOG] 16 custom indicators loaded. @ http://localhost:5173/charting_library/bundles/library.922da4a8fbaf39eb2333.js:844
[  547721ms] [WARNING] 2026-07-31T04:25:00.149Z:Chart.Defaults:Path `mainSeriesProperties.candleStyle.borderVisible` does not exist. @ http://localhost:5173/charting_library/bundles/library.922da4a8fbaf39eb2333.js:155
[  571875ms] [LOG] 16 custom indicators loaded. @ http://localhost:5173/charting_library/bundles/library.922da4a8fbaf39eb2333.js:844
[  571880ms] [WARNING] 2026-07-31T04:25:24.309Z:Chart.Defaults:Path `mainSeriesProperties.candleStyle.borderVisible` does not exist. @ http://localhost:5173/charting_library/bundles/library.922da4a8fbaf39eb2333.js:155
[  593417ms] [LOG] 16 custom indicators loaded. @ http://localhost:5173/charting_library/bundles/library.922da4a8fbaf39eb2333.js:844
[  593420ms] [WARNING] 2026-07-31T04:25:45.849Z:Chart.Defaults:Path `mainSeriesProperties.candleStyle.borderVisible` does not exist. @ http://localhost:5173/charting_library/bundles/library.922da4a8fbaf39eb2333.js:155
[ 1449926ms] [LOG] [vite] server connection lost. polling for restart... @ http://localhost:5173/@vite/client:287
[ 1450410ms] [INFO] %cDownload the React DevTools for a better development experience: https://reactjs.org/link/react-devtools font-weight:bold @ http://localhost:5173/node_modules/.vite/deps/chunk-ICOORQWA.js?v=bdb123d5:21579
[ 1450524ms] [WARNING] ⚠️ React Router Future Flag Warning: React Router will begin wrapping state updates in `React.startTransition` in v7. You can use the `v7_startTransition` future flag to opt-in early. For more information, see https://reactrouter.com/v6/upgrading/future#v7_starttransition. @ http://localhost:5173/node_modules/.vite/deps/react-router-dom.js?v=bdb123d5:4408
[ 1450524ms] [WARNING] ⚠️ React Router Future Flag Warning: Relative route resolution within Splat routes is changing in v7. You can use the `v7_relativeSplatPath` future flag to opt-in early. For more information, see https://reactrouter.com/v6/upgrading/future#v7_relativesplatpath. @ http://localhost:5173/node_modules/.vite/deps/react-router-dom.js?v=bdb123d5:4408
[ 1450747ms] [LOG] 16 custom indicators loaded. @ http://localhost:5173/charting_library/bundles/library.922da4a8fbaf39eb2333.js:844
[ 1450753ms] [WARNING] 2026-07-31T04:40:03.181Z:Chart.Defaults:Path `mainSeriesProperties.candleStyle.borderVisible` does not exist. @ http://localhost:5173/charting_library/bundles/library.922da4a8fbaf39eb2333.js:155
[ 6252686ms] [ERROR] Failed to load resource: net::ERR_INSUFFICIENT_RESOURCES @ http://localhost:8000/api/v1/quote/batch:0
[ 6255236ms] [ERROR] Failed to load resource: net::ERR_INSUFFICIENT_RESOURCES @ http://localhost:8000/api/v1/quote/VNINDEX/latest:0
[ 6257686ms] [ERROR] Failed to load resource: net::ERR_INSUFFICIENT_RESOURCES @ http://localhost:8000/api/v1/quote/batch:0
[ 6260236ms] [ERROR] Failed to load resource: net::ERR_INSUFFICIENT_RESOURCES @ http://localhost:8000/api/v1/quote/VNINDEX/latest:0
[ 6262684ms] [ERROR] Failed to load resource: net::ERR_INSUFFICIENT_RESOURCES @ http://localhost:8000/api/v1/quote/batch:0
[ 6265236ms] [ERROR] Failed to load resource: net::ERR_INSUFFICIENT_RESOURCES @ http://localhost:8000/api/v1/quote/VNINDEX/latest:0
[ 6267685ms] [ERROR] Failed to load resource: net::ERR_INSUFFICIENT_RESOURCES @ http://localhost:8000/api/v1/quote/batch:0
[ 6270236ms] [ERROR] Failed to load resource: net::ERR_INSUFFICIENT_RESOURCES @ http://localhost:8000/api/v1/quote/VNINDEX/latest:0
[ 6272685ms] [ERROR] Failed to load resource: net::ERR_INSUFFICIENT_RESOURCES @ http://localhost:8000/api/v1/quote/batch:0
[ 6275235ms] [ERROR] Failed to load resource: net::ERR_INSUFFICIENT_RESOURCES @ http://localhost:8000/api/v1/quote/VNINDEX/latest:0
[ 6277682ms] [ERROR] Failed to load resource: net::ERR_INSUFFICIENT_RESOURCES @ http://localhost:8000/api/v1/quote/batch:0
[ 6280233ms] [ERROR] Failed to load resource: net::ERR_INSUFFICIENT_RESOURCES @ http://localhost:8000/api/v1/quote/VNINDEX/latest:0
[ 6282685ms] [ERROR] Failed to load resource: net::ERR_INSUFFICIENT_RESOURCES @ http://localhost:8000/api/v1/quote/batch:0
[ 6285236ms] [ERROR] Failed to load resource: net::ERR_INSUFFICIENT_RESOURCES @ http://localhost:8000/api/v1/quote/VNINDEX/latest:0
[ 6287684ms] [ERROR] Failed to load resource: net::ERR_INSUFFICIENT_RESOURCES @ http://localhost:8000/api/v1/quote/batch:0
[ 6290235ms] [ERROR] Failed to load resource: net::ERR_INSUFFICIENT_RESOURCES @ http://localhost:8000/api/v1/quote/VNINDEX/latest:0
[ 6292685ms] [ERROR] Failed to load resource: net::ERR_INSUFFICIENT_RESOURCES @ http://localhost:8000/api/v1/quote/batch:0
[ 6295235ms] [ERROR] Failed to load resource: net::ERR_INSUFFICIENT_RESOURCES @ http://localhost:8000/api/v1/quote/VNINDEX/latest:0
[ 6297685ms] [ERROR] Failed to load resource: net::ERR_INSUFFICIENT_RESOURCES @ http://localhost:8000/api/v1/quote/batch:0
[ 6300236ms] [ERROR] Failed to load resource: net::ERR_INSUFFICIENT_RESOURCES @ http://localhost:8000/api/v1/quote/VNINDEX/latest:0
[ 6302685ms] [ERROR] Failed to load resource: net::ERR_INSUFFICIENT_RESOURCES @ http://localhost:8000/api/v1/quote/batch:0
[ 6305234ms] [ERROR] Failed to load resource: net::ERR_INSUFFICIENT_RESOURCES @ http://localhost:8000/api/v1/quote/VNINDEX/latest:0
[ 6307682ms] [ERROR] Failed to load resource: net::ERR_INSUFFICIENT_RESOURCES @ http://localhost:8000/api/v1/quote/batch:0
[ 6310235ms] [ERROR] Failed to load resource: net::ERR_INSUFFICIENT_RESOURCES @ http://localhost:8000/api/v1/quote/VNINDEX/latest:0
[ 6312685ms] [ERROR] Failed to load resource: net::ERR_INSUFFICIENT_RESOURCES @ http://localhost:8000/api/v1/quote/batch:0
[ 6315236ms] [ERROR] Failed to load resource: net::ERR_INSUFFICIENT_RESOURCES @ http://localhost:8000/api/v1/quote/VNINDEX/latest:0
[ 6317685ms] [ERROR] Failed to load resource: net::ERR_INSUFFICIENT_RESOURCES @ http://localhost:8000/api/v1/quote/batch:0
[ 6320236ms] [ERROR] Failed to load resource: net::ERR_INSUFFICIENT_RESOURCES @ http://localhost:8000/api/v1/quote/VNINDEX/latest:0
[ 6322683ms] [ERROR] Failed to load resource: net::ERR_INSUFFICIENT_RESOURCES @ http://localhost:8000/api/v1/quote/batch:0
[ 6325236ms] [ERROR] Failed to load resource: net::ERR_INSUFFICIENT_RESOURCES @ http://localhost:8000/api/v1/quote/VNINDEX/latest:0
[ 6327686ms] [ERROR] Failed to load resource: net::ERR_INSUFFICIENT_RESOURCES @ http://localhost:8000/api/v1/quote/batch:0
[ 6330236ms] [ERROR] Failed to load resource: net::ERR_INSUFFICIENT_RESOURCES @ http://localhost:8000/api/v1/quote/VNINDEX/latest:0
[ 6332685ms] [ERROR] Failed to load resource: net::ERR_INSUFFICIENT_RESOURCES @ http://localhost:8000/api/v1/quote/batch:0
[ 6335234ms] [ERROR] Failed to load resource: net::ERR_INSUFFICIENT_RESOURCES @ http://localhost:8000/api/v1/quote/VNINDEX/latest:0
[ 6337684ms] [ERROR] Failed to load resource: net::ERR_INSUFFICIENT_RESOURCES @ http://localhost:8000/api/v1/quote/batch:0
[ 6340235ms] [ERROR] Failed to load resource: net::ERR_INSUFFICIENT_RESOURCES @ http://localhost:8000/api/v1/quote/VNINDEX/latest:0
[ 6342683ms] [ERROR] Failed to load resource: net::ERR_INSUFFICIENT_RESOURCES @ http://localhost:8000/api/v1/quote/batch:0
[ 6345236ms] [ERROR] Failed to load resource: net::ERR_INSUFFICIENT_RESOURCES @ http://localhost:8000/api/v1/quote/VNINDEX/latest:0
[ 6347682ms] [ERROR] Failed to load resource: net::ERR_INSUFFICIENT_RESOURCES @ http://localhost:8000/api/v1/quote/batch:0
[ 6350237ms] [ERROR] Failed to load resource: net::ERR_INSUFFICIENT_RESOURCES @ http://localhost:8000/api/v1/quote/VNINDEX/latest:0
[ 6352686ms] [ERROR] Failed to load resource: net::ERR_INSUFFICIENT_RESOURCES @ http://localhost:8000/api/v1/quote/batch:0
[ 6355237ms] [ERROR] Failed to load resource: net::ERR_INSUFFICIENT_RESOURCES @ http://localhost:8000/api/v1/quote/VNINDEX/latest:0
[ 6357685ms] [ERROR] Failed to load resource: net::ERR_INSUFFICIENT_RESOURCES @ http://localhost:8000/api/v1/quote/batch:0
[ 6360235ms] [ERROR] Failed to load resource: net::ERR_INSUFFICIENT_RESOURCES @ http://localhost:8000/api/v1/quote/VNINDEX/latest:0
[ 6362685ms] [ERROR] Failed to load resource: net::ERR_INSUFFICIENT_RESOURCES @ http://localhost:8000/api/v1/quote/batch:0
[ 6365237ms] [ERROR] Failed to load resource: net::ERR_INSUFFICIENT_RESOURCES @ http://localhost:8000/api/v1/quote/VNINDEX/latest:0
[ 6367682ms] [ERROR] Failed to load resource: net::ERR_INSUFFICIENT_RESOURCES @ http://localhost:8000/api/v1/quote/batch:0
[ 6370235ms] [ERROR] Failed to load resource: net::ERR_INSUFFICIENT_RESOURCES @ http://localhost:8000/api/v1/quote/VNINDEX/latest:0
[ 6372684ms] [ERROR] Failed to load resource: net::ERR_INSUFFICIENT_RESOURCES @ http://localhost:8000/api/v1/quote/batch:0
[ 6375234ms] [ERROR] Failed to load resource: net::ERR_INSUFFICIENT_RESOURCES @ http://localhost:8000/api/v1/quote/VNINDEX/latest:0
[ 6377684ms] [ERROR] Failed to load resource: net::ERR_INSUFFICIENT_RESOURCES @ http://localhost:8000/api/v1/quote/batch:0
[ 6380237ms] [ERROR] Failed to load resource: net::ERR_INSUFFICIENT_RESOURCES @ http://localhost:8000/api/v1/quote/VNINDEX/latest:0
[ 6382686ms] [ERROR] Failed to load resource: net::ERR_INSUFFICIENT_RESOURCES @ http://localhost:8000/api/v1/quote/batch:0
[ 6385236ms] [ERROR] Failed to load resource: net::ERR_INSUFFICIENT_RESOURCES @ http://localhost:8000/api/v1/quote/VNINDEX/latest:0
[ 6387685ms] [ERROR] Failed to load resource: net::ERR_INSUFFICIENT_RESOURCES @ http://localhost:8000/api/v1/quote/batch:0
[ 6390235ms] [ERROR] Failed to load resource: net::ERR_INSUFFICIENT_RESOURCES @ http://localhost:8000/api/v1/quote/VNINDEX/latest:0
[ 6392685ms] [ERROR] Failed to load resource: net::ERR_INSUFFICIENT_RESOURCES @ http://localhost:8000/api/v1/quote/batch:0
[ 6395237ms] [ERROR] Failed to load resource: net::ERR_INSUFFICIENT_RESOURCES @ http://localhost:8000/api/v1/quote/VNINDEX/latest:0
[ 6397685ms] [ERROR] Failed to load resource: net::ERR_INSUFFICIENT_RESOURCES @ http://localhost:8000/api/v1/quote/batch:0
[ 6400236ms] [ERROR] Failed to load resource: net::ERR_INSUFFICIENT_RESOURCES @ http://localhost:8000/api/v1/quote/VNINDEX/latest:0
[ 6402684ms] [ERROR] Failed to load resource: net::ERR_INSUFFICIENT_RESOURCES @ http://localhost:8000/api/v1/quote/batch:0
[ 6405237ms] [ERROR] Failed to load resource: net::ERR_INSUFFICIENT_RESOURCES @ http://localhost:8000/api/v1/quote/VNINDEX/latest:0
[ 6407686ms] [ERROR] Failed to load resource: net::ERR_INSUFFICIENT_RESOURCES @ http://localhost:8000/api/v1/quote/batch:0
[ 6410237ms] [ERROR] Failed to load resource: net::ERR_INSUFFICIENT_RESOURCES @ http://localhost:8000/api/v1/quote/VNINDEX/latest:0
[ 6412685ms] [ERROR] Failed to load resource: net::ERR_INSUFFICIENT_RESOURCES @ http://localhost:8000/api/v1/quote/batch:0
[ 6415237ms] [ERROR] Failed to load resource: net::ERR_INSUFFICIENT_RESOURCES @ http://localhost:8000/api/v1/quote/VNINDEX/latest:0
[ 6417685ms] [ERROR] Failed to load resource: net::ERR_INSUFFICIENT_RESOURCES @ http://localhost:8000/api/v1/quote/batch:0
[ 6420235ms] [ERROR] Failed to load resource: net::ERR_INSUFFICIENT_RESOURCES @ http://localhost:8000/api/v1/quote/VNINDEX/latest:0
[ 6422684ms] [ERROR] Failed to load resource: net::ERR_INSUFFICIENT_RESOURCES @ http://localhost:8000/api/v1/quote/batch:0
[ 6425236ms] [ERROR] Failed to load resource: net::ERR_INSUFFICIENT_RESOURCES @ http://localhost:8000/api/v1/quote/VNINDEX/latest:0
[ 6427683ms] [ERROR] Failed to load resource: net::ERR_INSUFFICIENT_RESOURCES @ http://localhost:8000/api/v1/quote/batch:0
[ 6430237ms] [ERROR] Failed to load resource: net::ERR_INSUFFICIENT_RESOURCES @ http://localhost:8000/api/v1/quote/VNINDEX/latest:0
[ 6432686ms] [ERROR] Failed to load resource: net::ERR_INSUFFICIENT_RESOURCES @ http://localhost:8000/api/v1/quote/batch:0
[ 6435236ms] [ERROR] Failed to load resource: net::ERR_INSUFFICIENT_RESOURCES @ http://localhost:8000/api/v1/quote/VNINDEX/latest:0
[ 6437686ms] [ERROR] Failed to load resource: net::ERR_INSUFFICIENT_RESOURCES @ http://localhost:8000/api/v1/quote/batch:0
[ 6440236ms] [ERROR] Failed to load resource: net::ERR_INSUFFICIENT_RESOURCES @ http://localhost:8000/api/v1/quote/VNINDEX/latest:0
[ 6442686ms] [ERROR] Failed to load resource: net::ERR_INSUFFICIENT_RESOURCES @ http://localhost:8000/api/v1/quote/batch:0
[ 6445236ms] [ERROR] Failed to load resource: net::ERR_INSUFFICIENT_RESOURCES @ http://localhost:8000/api/v1/quote/VNINDEX/latest:0
[ 6447686ms] [ERROR] Failed to load resource: net::ERR_INSUFFICIENT_RESOURCES @ http://localhost:8000/api/v1/quote/batch:0
[ 6450236ms] [ERROR] Failed to load resource: net::ERR_INSUFFICIENT_RESOURCES @ http://localhost:8000/api/v1/quote/VNINDEX/latest:0
[ 6452685ms] [ERROR] Failed to load resource: net::ERR_INSUFFICIENT_RESOURCES @ http://localhost:8000/api/v1/quote/batch:0
[ 6455236ms] [ERROR] Failed to load resource: net::ERR_INSUFFICIENT_RESOURCES @ http://localhost:8000/api/v1/quote/VNINDEX/latest:0
[ 6457615ms] [ERROR] Failed to load resource: net::ERR_INSUFFICIENT_RESOURCES @ http://localhost:8000/api/v1/quote/batch:0
[ 6460165ms] [ERROR] Failed to load resource: net::ERR_INSUFFICIENT_RESOURCES @ http://localhost:8000/api/v1/quote/VNINDEX/latest:0
[ 9240779ms] [ERROR] Failed to load resource: the server responded with a status of 404 (Not Found) @ http://localhost:8000/api/v1/quote/VNINDEX/latest:0
[ 9245767ms] [ERROR] Failed to load resource: the server responded with a status of 404 (Not Found) @ http://localhost:8000/api/v1/quote/VNINDEX/latest:0
[ 9250898ms] [ERROR] Failed to load resource: the server responded with a status of 404 (Not Found) @ http://localhost:8000/api/v1/quote/VNINDEX/latest:0
[ 9255737ms] [ERROR] Failed to load resource: the server responded with a status of 404 (Not Found) @ http://localhost:8000/api/v1/quote/VNINDEX/latest:0
[ 9261258ms] [ERROR] Failed to load resource: the server responded with a status of 404 (Not Found) @ http://localhost:8000/api/v1/quote/VNINDEX/latest:0
[ 9273054ms] [ERROR] Failed to load resource: the server responded with a status of 404 (Not Found) @ http://localhost:8000/api/v1/quote/VNINDEX/latest:0
[ 9273691ms] [ERROR] Failed to load resource: the server responded with a status of 404 (Not Found) @ http://localhost:8000/api/v1/quote/VNINDEX/latest:0
[ 9275740ms] [ERROR] Failed to load resource: the server responded with a status of 404 (Not Found) @ http://localhost:8000/api/v1/quote/VNINDEX/latest:0
[ 9281210ms] [ERROR] Failed to load resource: the server responded with a status of 404 (Not Found) @ http://localhost:8000/api/v1/quote/VNINDEX/latest:0
[ 9285737ms] [ERROR] Failed to load resource: the server responded with a status of 404 (Not Found) @ http://localhost:8000/api/v1/quote/VNINDEX/latest:0
[ 9290751ms] [ERROR] Failed to load resource: the server responded with a status of 404 (Not Found) @ http://localhost:8000/api/v1/quote/VNINDEX/latest:0
[ 9295734ms] [ERROR] Failed to load resource: the server responded with a status of 404 (Not Found) @ http://localhost:8000/api/v1/quote/VNINDEX/latest:0
[ 9301037ms] [ERROR] Failed to load resource: the server responded with a status of 404 (Not Found) @ http://localhost:8000/api/v1/quote/VNINDEX/latest:0
[ 9305768ms] [ERROR] Failed to load resource: the server responded with a status of 404 (Not Found) @ http://localhost:8000/api/v1/quote/VNINDEX/latest:0
[ 9310774ms] [ERROR] Failed to load resource: the server responded with a status of 404 (Not Found) @ http://localhost:8000/api/v1/quote/VNINDEX/latest:0
[ 9315757ms] [ERROR] Failed to load resource: the server responded with a status of 404 (Not Found) @ http://localhost:8000/api/v1/quote/VNINDEX/latest:0
[ 9320844ms] [ERROR] Failed to load resource: the server responded with a status of 404 (Not Found) @ http://localhost:8000/api/v1/quote/VNINDEX/latest:0
[ 9325720ms] [ERROR] Failed to load resource: the server responded with a status of 404 (Not Found) @ http://localhost:8000/api/v1/quote/VNINDEX/latest:0
[ 9330730ms] [ERROR] Failed to load resource: the server responded with a status of 404 (Not Found) @ http://localhost:8000/api/v1/quote/VNINDEX/latest:0
[ 9335733ms] [ERROR] Failed to load resource: the server responded with a status of 404 (Not Found) @ http://localhost:8000/api/v1/quote/VNINDEX/latest:0
[ 9340731ms] [ERROR] Failed to load resource: the server responded with a status of 404 (Not Found) @ http://localhost:8000/api/v1/quote/VNINDEX/latest:0
[ 9345793ms] [ERROR] Failed to load resource: the server responded with a status of 404 (Not Found) @ http://localhost:8000/api/v1/quote/VNINDEX/latest:0
[ 9350717ms] [ERROR] Failed to load resource: the server responded with a status of 404 (Not Found) @ http://localhost:8000/api/v1/quote/VNINDEX/latest:0
[ 9355932ms] [ERROR] Failed to load resource: the server responded with a status of 404 (Not Found) @ http://localhost:8000/api/v1/quote/VNINDEX/latest:0
[ 9360750ms] [ERROR] Failed to load resource: the server responded with a status of 404 (Not Found) @ http://localhost:8000/api/v1/quote/VNINDEX/latest:0
[ 9365755ms] [ERROR] Failed to load resource: the server responded with a status of 404 (Not Found) @ http://localhost:8000/api/v1/quote/VNINDEX/latest:0
